// Jest Snapshot v1, https://goo.gl/fbAQLP

exports[`Toolbar renders correctly 1`] = `
<div
  className="CustomToolbar-toolbar-1"
  id="toolbar"
>
  <select
    className="ql-size"
    defaultValue=""
  >
    <option
      value="10px"
    >
      Small
    </option>
    <option
      value=""
    >
      Normal
    </option>
    <option
      value="32px"
    >
      Big
    </option>
    <option
      value="50px"
    >
      Huge
    </option>
  </select>
  <button
    className="ql-bold"
  />
  <button
    className="ql-italic"
  />
  <button
    className="ql-underline"
  />
  <button
    className="ql-list"
    value="bullet"
  />
  <select
    className="ql-align"
    defaultValue=""
  >
    <option
      value="center"
    />
    <option
      value="right"
    />
    <option
      value="justify"
    />
  </select>
  <select
    className="ql-color"
    defaultValue=""
  >
    <option
      value="rgb(  0,   0,   0)"
    />
    <option
      value="rgb(230,   0,   0)"
    />
    <option
      value="rgb(255, 153,   0)"
    />
    <option
      value="rgb(255, 255,   0)"
    />
    <option
      value="rgb(  0, 138,   0)"
    />
    <option
      value="rgb(  0, 102, 204)"
    />
    <option
      value="rgb(153,  51, 255)"
    />
    <option
      value="rgb(255, 255, 255)"
    />
    <option
      value="rgb(250, 204, 204)"
    />
    <option
      value="rgb(255, 235, 204)"
    />
    <option
      value="rgb(255, 255, 204)"
    />
    <option
      value="rgb(204, 232, 204)"
    />
    <option
      value="rgb(204, 224, 245)"
    />
    <option
      value="rgb(235, 214, 255)"
    />
    <option
      value="rgb(187, 187, 187)"
    />
    <option
      value="rgb(240, 102, 102)"
    />
    <option
      value="rgb(255, 194, 102)"
    />
    <option
      value="rgb(255, 255, 102)"
    />
    <option
      value="rgb(102, 185, 102)"
    />
    <option
      value="rgb(102, 163, 224)"
    />
    <option
      value="rgb(194, 133, 255)"
    />
    <option
      value="rgb(136, 136, 136)"
    />
    <option
      value="rgb(161,   0,   0)"
    />
    <option
      value="rgb(178, 107,   0)"
    />
    <option
      value="rgb(178, 178,   0)"
    />
    <option
      value="rgb(  0,  97,   0)"
    />
    <option
      value="rgb(  0,  71, 178)"
    />
    <option
      value="rgb(107,  36, 178)"
    />
    <option
      value="rgb( 68,  68,  68)"
    />
    <option
      value="rgb( 92,   0,   0)"
    />
    <option
      value="rgb(102,  61,   0)"
    />
    <option
      value="rgb(102, 102,   0)"
    />
    <option
      value="rgb(  0,  55,   0)"
    />
    <option
      value="rgb(  0,  41, 102)"
    />
    <option
      value="rgb( 61,  20,  10)"
    />
  </select>
  <select
    className="ql-background"
    defaultValue=""
  >
    <option
      value="rgb(  0,   0,   0)"
    />
    <option
      value="rgb(230,   0,   0)"
    />
    <option
      value="rgb(255, 153,   0)"
    />
    <option
      value="rgb(255, 255,   0)"
    />
    <option
      value="rgb(  0, 138,   0)"
    />
    <option
      value="rgb(  0, 102, 204)"
    />
    <option
      value="rgb(153,  51, 255)"
    />
    <option
      value="rgb(255, 255, 255)"
    />
    <option
      value="rgb(250, 204, 204)"
    />
    <option
      value="rgb(255, 235, 204)"
    />
    <option
      value="rgb(255, 255, 204)"
    />
    <option
      value="rgb(204, 232, 204)"
    />
    <option
      value="rgb(204, 224, 245)"
    />
    <option
      value="rgb(235, 214, 255)"
    />
    <option
      value="rgb(187, 187, 187)"
    />
    <option
      value="rgb(240, 102, 102)"
    />
    <option
      value="rgb(255, 194, 102)"
    />
    <option
      value="rgb(255, 255, 102)"
    />
    <option
      value="rgb(102, 185, 102)"
    />
    <option
      value="rgb(102, 163, 224)"
    />
    <option
      value="rgb(194, 133, 255)"
    />
    <option
      value="rgb(136, 136, 136)"
    />
    <option
      value="rgb(161,   0,   0)"
    />
    <option
      value="rgb(178, 107,   0)"
    />
    <option
      value="rgb(178, 178,   0)"
    />
    <option
      value="rgb(  0,  97,   0)"
    />
    <option
      value="rgb(  0,  71, 178)"
    />
    <option
      value="rgb(107,  36, 178)"
    />
    <option
      value="rgb( 68,  68,  68)"
    />
    <option
      value="rgb( 92,   0,   0)"
    />
    <option
      value="rgb(102,  61,   0)"
    />
    <option
      value="rgb(102, 102,   0)"
    />
    <option
      value="rgb(  0,  55,   0)"
    />
    <option
      value="rgb(  0,  41, 102)"
    />
    <option
      value="rgb( 61,  20,  10)"
    />
  </select>
  <button
    className="ql-clean"
  />
</div>
`;
